ta: 31103 verse entries
or: 31104 verse entries
en: 31102 verses, 0 empty, 789632 words
or: 31104 verses, 0 empty, 609443 words
ta: 31103 verses, 0 empty, 432559 words
--- errors ---
--- tail ---
> Task :app:compressDebugAssets
> Task :app:processDebugManifestForPackage
> Task :app:checkDebugDuplicateClasses
> Task :app:mergeDebugJniLibFolders
> Task :app:mergeDebugNativeLibs NO-SOURCE
> Task :app:stripDebugDebugSymbols NO-SOURCE
> Task :app:validateSigningDebug
> Task :app:mergeLibDexDebug
> Task :app:writeDebugAppMetadata
> Task :app:writeDebugSigningConfigVersions
> Task :app:processDebugResources
> Task :app:mergeExtDexDebug

> Task :app:compileDebugKotlin
w: file:///home/runner/work/bible/bible/app/src/main/java/com/reno/bible/ScriptureAlarm.kt:278:48 'static field VIBRATOR_SERVICE: String' is deprecated. Deprecated in Java.
w: file:///home/runner/work/bible/bible/app/src/main/java/com/reno/bible/ScriptureAlarm.kt:375:16 'var statusBarColor: Int' is deprecated. Deprecated in Java.
w: file:///home/runner/work/bible/bible/app/src/main/java/com/reno/bible/ScriptureAlarm.kt:376:16 'var navigationBarColor: Int' is deprecated. Deprecated in Java.

> Task :app:compileDebugJavaWithJavac NO-SOURCE
> Task :app:dexBuilderDebug
> Task :app:mergeDebugGlobalSynthetics
> Task :app:processDebugJavaRes
> Task :app:mergeProjectDexDebug
> Task :app:mergeDebugJavaResource
> Task :app:packageDebug
> Task :app:createDebugApkListingFileRedirect
> Task :app:assembleDebug
gradle/actions: Writing build results to /home/runner/work/_temp/.gradle-actions/build-results/__run_2-1790784198349.json

[Incubating] Problems report is available at: file:///home/runner/work/bible/bible/build/reports/problems/problems-report.html

Deprecated Gradle features were used in this build, making it incompatible with Gradle 9.0.

You can use '--warning-mode all' to show the individual deprecation warnings and determine if they come from your own scripts or plugins.

For more on this, please refer to https://docs.gradle.org/8.14.3/userguide/command_line_interface.html#sec:command_line_warnings in the Gradle documentation.

BUILD SUCCESSFUL in 30s
33 actionable tasks: 33 executed
-rw-r--r-- 1 runner runner 10536370 Sep 30 16:03 HolyBible.apk
